<html>
<body>
<pre>
<h1>µVision Build Log</h1>
<h2>Tool Versions:</h2>
IDE-Version: ¦ÌVision V5.23.0.0
Copyright (C) 2017 ARM Ltd and ARM Germany GmbH. All rights reserved.
License Information: kim,  , LIC=76F5U-SS5VC-LQ50Q-NU6CH-UPX18-WUZFA
 
Tool Versions:
Toolchain:       MDK-ARM Plus  Version: 5.23
Toolchain Path:  D:\ARM\ARMCC\Bin
C Compiler:      Armcc.exe V5.06 update 4 (build 422)
Assembler:       Armasm.exe V5.06 update 4 (build 422)
Linker/Locator:  ArmLink.exe V5.06 update 4 (build 422)
Library Manager: ArmAr.exe V5.06 update 4 (build 422)
Hex Converter:   FromElf.exe V5.06 update 4 (build 422)
CPU DLL:         SARMCM3.DLL V5.23
Dialog DLL:      DCM.DLL V1.15.0.0
Target DLL:      Segger\JL2CM3.dll V2.99.23.0
Dialog DLL:      TCM.DLL V1.27.0.0
 
<h2>Project:</h2>
E:\desktop\3ºÅ-gimbalV1.9\MDK-ARM\gimbal.uvprojx
Project File Date:  09/18/2022

<h2>Output:</h2>
*** Using Compiler 'V5.06 update 4 (build 422)', folder: 'D:\ARM\ARMCC\Bin'
Build target 'gimbal'
compiling main.c...
compiling RC_task.c...
compiling shoot_task.c...
..\TASK\shoot_task.c(31): warning:  #550-D: variable "angle"  was set but never used
  			int angle;
..\TASK\shoot_task.c: 1 warning, 0 errors
compiling gimbal_task.c...
compiling TIM3_cnt_task.c...
compiling stm32f4xx_it.c...
../Core/Src/stm32f4xx_it.c(202): warning:  #1035-D: single-precision operand implicitly converted to double-precision
  	if(VISION_SHOOT_TIME>=0.09)
../Core/Src/stm32f4xx_it.c: 1 warning, 0 errors
compiling can_receive.c...
linking...
Program Size: Code=60996 RO-data=684 RW-data=912 ZI-data=4408  
FromELF: creating hex file...
"gimbal\gimbal.axf" - 0 Error(s), 2 Warning(s).

<h2>Software Packages used:</h2>

Package Vendor: ARM
                http://www.keil.com/pack/ARM.CMSIS.5.4.0.pack
                ARM::CMSIS:CORE:5.1.2
                CMSIS (Cortex Microcontroller Software Interface Standard)
   * Component: CORE Version: 5.1.2

<h2>Collection of Component include folders:</h2>
  .\RTE\_gimbal
  D:\ARM\PACK\ARM\CMSIS\5.4.0\CMSIS\Core\Include
  D:\ARM\PACK\Keil\STM32F4xx_DFP\2.12.0\Drivers\CMSIS\Device\ST\STM32F4xx\Include

<h2>Collection of Component Files used:</h2>

   * Component: ARM::CMSIS:CORE:5.1.2
Build Time Elapsed:  00:00:15
</pre>
</body>
</html>
